\BOOKMARK [0][-]{chapter.0}{\376\377\137\025\212\000\116\016\163\257\130\203\121\306\131\007}{}% 1
\BOOKMARK [1][-]{section.0.1}{\376\377\177\026\121\231\166\356\166\204}{chapter.0}% 2
\BOOKMARK [1][-]{section.0.2}{\376\377\230\171\166\356\133\232\117\115}{chapter.0}% 3
\BOOKMARK [1][-]{section.0.3}{\376\377\133\146\116\140\116\073\176\277}{chapter.0}% 4
\BOOKMARK [1][-]{section.0.4}{\376\377\230\171\166\356\166\356\137\125\151\202\211\310}{chapter.0}% 5
\BOOKMARK [1][-]{section.0.5}{\376\377\163\257\130\203\121\306\131\007}{chapter.0}% 6
\BOOKMARK [1][-]{section.0.6}{\376\377\147\204\136\372\230\171\166\356}{chapter.0}% 7
\BOOKMARK [1][-]{section.0.7}{\376\377\217\320\210\114\155\113\213\325\116\016\155\113\213\325\232\161\122\250\166\204\133\236\232\214\176\304\176\307\145\271\137\017}{chapter.0}% 8
\BOOKMARK [1][-]{section.0.8}{\376\377\217\320\210\114\174\373\176\337}{chapter.0}% 9
\BOOKMARK [1][-]{section.0.9}{\376\377\000T\000r\000a\000c\000e\000\040\152\041\137\017\213\364\146\016}{chapter.0}% 10
\BOOKMARK [1][-]{section.0.10}{\376\377\131\202\117\125\226\005\213\373\147\054\143\007\133\374\116\146}{chapter.0}% 11
\BOOKMARK [1][-]{section.0.11}{\376\377\147\054\172\340\134\017\176\323}{chapter.0}% 12
\BOOKMARK [0][-]{chapter.1}{\376\377\127\372\170\100\176\304\116\366\116\016\135\345\121\167\136\223\133\236\232\214}{}% 13
\BOOKMARK [1][-]{section.1.1}{\376\377\133\236\232\214\166\356\166\204}{chapter.1}% 14
\BOOKMARK [1][-]{section.1.2}{\376\377\152\041\127\127\117\134\165\050}{chapter.1}% 15
\BOOKMARK [1][-]{section.1.3}{\376\377\166\370\121\163\156\220\170\001\145\207\116\366}{chapter.1}% 16
\BOOKMARK [1][-]{section.1.4}{\376\377\150\070\137\303\176\304\116\366\122\006\174\173}{chapter.1}% 17
\BOOKMARK [1][-]{section.1.5}{\376\377\127\050\000\040\000D\000B\000M\000S\000\040\116\073\224\376\215\357\116\055\166\204\117\115\177\156}{chapter.1}% 18
\BOOKMARK [1][-]{section.1.6}{\376\377\221\115\131\127\155\113\213\325}{chapter.1}% 19
\BOOKMARK [1][-]{section.1.7}{\376\377\121\163\225\056\116\343\170\001\213\262\211\343}{chapter.1}% 20
\BOOKMARK [1][-]{section.1.8}{\376\377\217\320\210\114\116\016\211\302\133\337}{chapter.1}% 21
\BOOKMARK [1][-]{section.1.9}{\376\377\140\035\200\003\230\230}{chapter.1}% 22
\BOOKMARK [0][-]{chapter.2}{\376\377\145\207\116\366\116\016\230\165\137\017\133\130\120\250\133\236\232\214}{}% 23
\BOOKMARK [1][-]{section.2.1}{\376\377\133\236\232\214\166\356\166\204}{chapter.2}% 24
\BOOKMARK [1][-]{section.2.2}{\376\377\152\041\127\127\117\134\165\050}{chapter.2}% 25
\BOOKMARK [1][-]{section.2.3}{\376\377\166\370\121\163\156\220\170\001\145\207\116\366}{chapter.2}% 26
\BOOKMARK [1][-]{section.2.4}{\376\377\150\070\137\303\133\371\214\141\200\114\215\043}{chapter.2}% 27
\BOOKMARK [1][-]{section.2.5}{\376\377\145\207\116\366\127\127\116\016\121\205\133\130\230\165\166\204\121\163\174\373}{chapter.2}% 28
\BOOKMARK [1][-]{section.2.6}{\376\377\221\115\131\127\155\113\213\325}{chapter.2}% 29
\BOOKMARK [1][-]{section.2.7}{\376\377\121\163\225\056\116\343\170\001\213\262\211\343}{chapter.2}% 30
\BOOKMARK [1][-]{section.2.8}{\376\377\217\320\210\114\116\016\211\302\133\337}{chapter.2}% 31
\BOOKMARK [1][-]{section.2.9}{\376\377\140\035\200\003\230\230}{chapter.2}% 32
\BOOKMARK [0][-]{chapter.3}{\376\377\145\345\137\327\173\241\164\006\133\236\232\214}{}% 33
\BOOKMARK [1][-]{section.3.1}{\376\377\133\236\232\214\166\356\166\204}{chapter.3}% 34
\BOOKMARK [1][-]{section.3.2}{\376\377\152\041\127\127\117\134\165\050}{chapter.3}% 35
\BOOKMARK [1][-]{section.3.3}{\376\377\166\370\121\163\156\220\170\001\145\207\116\366}{chapter.3}% 36
\BOOKMARK [1][-]{section.3.4}{\376\377\150\070\137\303\133\371\214\141\200\114\215\043}{chapter.3}% 37
\BOOKMARK [1][-]{section.3.5}{\376\377\145\345\137\327\230\165\116\016\145\345\137\327\213\260\137\125\176\304\176\307}{chapter.3}% 38
\BOOKMARK [1][-]{section.3.6}{\376\377\221\115\131\127\155\113\213\325}{chapter.3}% 39
\BOOKMARK [1][-]{section.3.7}{\376\377\121\163\225\056\116\343\170\001\213\262\211\343}{chapter.3}% 40
\BOOKMARK [1][-]{section.3.8}{\376\377\217\320\210\114\116\016\211\302\133\337}{chapter.3}% 41
\BOOKMARK [1][-]{section.3.9}{\376\377\140\035\200\003\230\230}{chapter.3}% 42
\BOOKMARK [0][-]{chapter.4}{\376\377\177\023\121\262\123\072\173\241\164\006\133\236\232\214}{}% 43
\BOOKMARK [1][-]{section.4.1}{\376\377\133\236\232\214\166\356\166\204}{chapter.4}% 44
\BOOKMARK [1][-]{section.4.2}{\376\377\166\370\121\163\156\220\170\001\145\207\116\366}{chapter.4}% 45
\BOOKMARK [1][-]{section.4.3}{\376\377\221\115\131\127\155\113\213\325}{chapter.4}% 46
\BOOKMARK [1][-]{section.4.4}{\376\377\133\236\232\214\121\205\133\271}{chapter.4}% 47
\BOOKMARK [1][-]{section.4.5}{\376\377\140\035\200\003\230\230}{chapter.4}% 48
\BOOKMARK [0][-]{chapter.5}{\376\377\116\213\122\241\060\001\136\166\123\321\116\016\140\142\131\015\133\236\232\214}{}% 49
\BOOKMARK [1][-]{section.5.1}{\376\377\133\236\232\214\166\356\166\204}{chapter.5}% 50
\BOOKMARK [1][-]{section.5.2}{\376\377\166\370\121\163\156\220\170\001\145\207\116\366}{chapter.5}% 51
\BOOKMARK [1][-]{section.5.3}{\376\377\221\115\131\127\155\113\213\325}{chapter.5}% 52
\BOOKMARK [1][-]{section.5.4}{\376\377\133\236\232\214\121\205\133\271}{chapter.5}% 53
\BOOKMARK [1][-]{section.5.5}{\376\377\140\035\200\003\230\230}{chapter.5}% 54
\BOOKMARK [0][-]{chapter.6}{\376\377\213\260\137\125\173\241\164\006\133\236\232\214}{}% 55
\BOOKMARK [1][-]{section.6.1}{\376\377\133\236\232\214\166\356\166\204}{chapter.6}% 56
\BOOKMARK [1][-]{section.6.2}{\376\377\166\370\121\163\156\220\170\001\145\207\116\366}{chapter.6}% 57
\BOOKMARK [1][-]{section.6.3}{\376\377\221\115\131\127\155\113\213\325}{chapter.6}% 58
\BOOKMARK [1][-]{section.6.4}{\376\377\133\236\232\214\121\205\133\271}{chapter.6}% 59
\BOOKMARK [1][-]{section.6.5}{\376\377\140\035\200\003\230\230}{chapter.6}% 60
\BOOKMARK [0][-]{chapter.7}{\376\377\121\103\145\160\143\156\173\241\164\006\133\236\232\214}{}% 61
\BOOKMARK [1][-]{section.7.1}{\376\377\133\236\232\214\166\356\166\204}{chapter.7}% 62
\BOOKMARK [1][-]{section.7.2}{\376\377\166\370\121\163\156\220\170\001\145\207\116\366}{chapter.7}% 63
\BOOKMARK [1][-]{section.7.3}{\376\377\221\115\131\127\155\113\213\325}{chapter.7}% 64
\BOOKMARK [1][-]{section.7.4}{\376\377\133\236\232\214\121\205\133\271}{chapter.7}% 65
\BOOKMARK [1][-]{section.7.5}{\376\377\140\035\200\003\230\230}{chapter.7}% 66
\BOOKMARK [0][-]{chapter.8}{\376\377\000S\000Q\000L\000\040\211\343\147\220\133\236\232\214}{}% 67
\BOOKMARK [1][-]{section.8.1}{\376\377\133\236\232\214\166\356\166\204}{chapter.8}% 68
\BOOKMARK [1][-]{section.8.2}{\376\377\166\370\121\163\156\220\170\001\145\207\116\366}{chapter.8}% 69
\BOOKMARK [1][-]{section.8.3}{\376\377\221\115\131\127\155\113\213\325}{chapter.8}% 70
\BOOKMARK [1][-]{section.8.4}{\376\377\133\236\232\214\121\205\133\271}{chapter.8}% 71
\BOOKMARK [1][-]{section.8.5}{\376\377\140\035\200\003\230\230}{chapter.8}% 72
\BOOKMARK [0][-]{chapter.9}{\376\377\147\345\213\342\213\241\122\022\116\016\142\153\143\317\142\147\210\114\133\236\232\214}{}% 73
\BOOKMARK [1][-]{section.9.1}{\376\377\133\236\232\214\166\356\166\204}{chapter.9}% 74
\BOOKMARK [1][-]{section.9.2}{\376\377\166\370\121\163\156\220\170\001\145\207\116\366}{chapter.9}% 75
\BOOKMARK [1][-]{section.9.3}{\376\377\221\115\131\127\155\113\213\325}{chapter.9}% 76
\BOOKMARK [1][-]{section.9.4}{\376\377\133\236\232\214\121\205\133\271}{chapter.9}% 77
\BOOKMARK [1][-]{section.9.5}{\376\377\140\035\200\003\230\230}{chapter.9}% 78
\BOOKMARK [0][-]{chapter.10}{\376\377\146\364\145\260\142\147\210\114\133\236\232\214}{}% 79
\BOOKMARK [1][-]{section.10.1}{\376\377\133\236\232\214\166\356\166\204}{chapter.10}% 80
\BOOKMARK [1][-]{section.10.2}{\376\377\166\370\121\163\156\220\170\001\145\207\116\366}{chapter.10}% 81
\BOOKMARK [1][-]{section.10.3}{\376\377\221\115\131\127\155\113\213\325}{chapter.10}% 82
\BOOKMARK [1][-]{section.10.4}{\376\377\133\236\232\214\121\205\133\271}{chapter.10}% 83
\BOOKMARK [1][-]{section.10.5}{\376\377\140\035\200\003\230\230}{chapter.10}% 84
\BOOKMARK [0][-]{chapter.11}{\376\377\000S\000Q\000L\000\040\142\147\210\114\217\307\172\013\000\040\000T\000r\000a\000c\000e\000\040\123\357\211\306\123\026\133\236\232\214}{}% 85
\BOOKMARK [1][-]{section.11.1}{\376\377\133\236\232\214\166\356\166\204}{chapter.11}% 86
\BOOKMARK [1][-]{section.11.2}{\376\377\166\370\121\163\156\220\170\001\145\207\116\366}{chapter.11}% 87
\BOOKMARK [1][-]{section.11.3}{\376\377\221\115\131\127\155\113\213\325}{chapter.11}% 88
\BOOKMARK [1][-]{section.11.4}{\376\377\133\236\232\214\121\205\133\271}{chapter.11}% 89
\BOOKMARK [1][-]{section.11.5}{\376\377\140\035\200\003\230\230}{chapter.11}% 90
\BOOKMARK [0][-]{chapter.12}{\376\377\176\374\124\010\133\236\232\214}{}% 91
\BOOKMARK [1][-]{section.12.1}{\376\377\133\236\232\214\166\356\166\204}{chapter.12}% 92
\BOOKMARK [1][-]{section.12.2}{\376\377\166\370\121\163\156\220\170\001\145\207\116\366}{chapter.12}% 93
\BOOKMARK [1][-]{section.12.3}{\376\377\221\115\131\127\155\113\213\325}{chapter.12}% 94
\BOOKMARK [1][-]{section.12.4}{\376\377\133\236\232\214\121\205\133\271}{chapter.12}% 95
\BOOKMARK [1][-]{section.12.5}{\376\377\140\035\200\003\230\230}{chapter.12}% 96
